ERC report (2026-03-22T20:10:37-0500, Encoding UTF8)

***** Sheet /
[power_pin_not_driven]: Input Power pin not driven by any Output Power pins
    ; error
    @(1350 mils, 900 mils): Symbol #PWR01 Pin 1 [Power input, Line]
[power_pin_not_driven]: Input Power pin not driven by any Output Power pins
    ; error
    @(950 mils, 1650 mils): Symbol #PWR03 Pin 1 [Power input, Line]
[power_pin_not_driven]: Input Power pin not driven by any Output Power pins
    ; error
    @(1850 mils, 1200 mils): Symbol #PWR06 Pin 1 [Power input, Line]
[footprint_link_issues]: The current configuration does not include the footprint library 'RT9013-33GB'.
    ; warning
    @(3100 mils, 1200 mils): Symbol U3 [RT9013-33GB]
[footprint_link_issues]: The current configuration does not include the footprint library 'W25Q16JVSSIQ'.
    ; warning
    @(5300 mils, 1650 mils): Symbol U2 [W25Q16JVSSIQ]
[footprint_link_issues]: The current configuration does not include the footprint library 'SKRPACE010'.
    ; warning
    @(7500 mils, 2300 mils): Symbol S1 [SKRPACE010]
[footprint_link_issues]: The current configuration does not include the footprint library 'SKRPACE010'.
    ; warning
    @(8500 mils, 2100 mils): Symbol S2 [SKRPACE010]

 ** ERC messages: 7  Errors 3  Warnings 4
